// Jest Snapshot v1, https://goo.gl/fbAQLP

exports[`should render a hardcoded header 1`] = `
<div
  className="header"
>
  Breakfast Club
</div>
`;
